identity: AUTORITE NT\Système
wrote C:\aw-kernel\target\fat-stage\USERPROG.ELF: 145 bytes (report, base=0x400000000, entry=0x400000078)
wrote C:\aw-kernel\target\fat-stage\USERA.ELF: 135 bytes (spinner, base=0x500000000, entry=0x500000078)
wrote C:\aw-kernel\target\fat-stage\USERB.ELF: 135 bytes (spinner, base=0x600000000, entry=0x600000078)
wrote C:\aw-kernel\target\fat-stage\USERIPCA.ELF: 494 bytes (ipc-sender, base=0x700000000, entry=0x700000078)
wrote C:\aw-kernel\target\fat-stage\USERIPCB.ELF: 271 bytes (ipc-receiver, base=0x800000000, entry=0x800000078)
wrote C:\aw-kernel\target\virtio-test.img: 57473536 bytes, 112253 sectors (bare FAT16)
wrote C:\aw-kernel\target\gpt-test.img: 58539008 bytes, 114334 sectors (ESP 112253 sectors)
wrote C:\aw-kernel\target\fat-write-scratch.img: 57473536 bytes, 112253 sectors (bare FAT16)
== normal ==
   Compiling aw-uefi-boot v0.1.0 (C:\aw-kernel\boot\uefi)
    Finished `release` profile [optimized] target(s) in 3.99s
   Compiling aw-kernel-x86_64 v0.1.0 (C:\aw-kernel\kernel\x86_64)
warning: field `data_clusters` is never read
  --> src\fat16.rs:65:5
   |
57 | struct Geometry {
   |        -------- field in this struct
...
65 |     data_clusters: usize,
   |     ^^^^^^^^^^^^^
   |
   = note: `#[warn(dead_code)]` (part of `#[warn(unused)]`) on by default

warning: `aw-kernel-x86_64` (bin "aw-kernel-x86_64") generated 1 warning
    Finished `release` profile [optimized] target(s) in 10.95s
   PASS  (135 markers)  log: C:\aw-kernel\target\boot-evidence\normal\debug.log
== smp ==
   Compiling aw-acpi v0.1.0 (C:\aw-kernel\crates\aw-acpi)
   Compiling aw-uefi-boot v0.1.0 (C:\aw-kernel\boot\uefi)
    Finished `release` profile [optimized] target(s) in 4.05s
   Compiling aw-acpi v0.1.0 (C:\aw-kernel\crates\aw-acpi)
   Compiling aw-kernel-x86_64 v0.1.0 (C:\aw-kernel\kernel\x86_64)
warning: field `data_clusters` is never read
  --> src\fat16.rs:65:5
   |
57 | struct Geometry {
   |        -------- field in this struct
...
65 |     data_clusters: usize,
   |     ^^^^^^^^^^^^^
   |
   = note: `#[warn(dead_code)]` (part of `#[warn(unused)]`) on by default

warning: `aw-kernel-x86_64` (bin "aw-kernel-x86_64") generated 1 warning
    Finished `release` profile [optimized] target(s) in 10.83s
   PASS  (20 markers)  log: C:\aw-kernel\target\boot-evidence\smp\debug.log
== msi-smoke ==
   Compiling aw-uefi-boot v0.1.0 (C:\aw-kernel\boot\uefi)
    Finished `release` profile [optimized] target(s) in 3.87s
   Compiling aw-kernel-x86_64 v0.1.0 (C:\aw-kernel\kernel\x86_64)
    Finished `release` profile [optimized] target(s) in 14.91s
   PASS  (9 markers)  log: C:\aw-kernel\target\boot-evidence\msi-smoke\debug.log
== virtio-blk ==
   Compiling aw-uefi-boot v0.1.0 (C:\aw-kernel\boot\uefi)
    Finished `release` profile [optimized] target(s) in 4.22s
   Compiling aw-kernel-x86_64 v0.1.0 (C:\aw-kernel\kernel\x86_64)
    Finished `release` profile [optimized] target(s) in 13.29s
   PASS  (13 markers)  log: C:\aw-kernel\target\boot-evidence\virtio-blk\debug.log
== net ==
   Compiling bit_field v0.10.3
   Compiling bitflags v2.13.2
   Compiling uguid v2.2.1
   Compiling aw-accessibility v0.1.0 (C:\aw-kernel\crates\aw-accessibility)
   Compiling log v0.4.34
   Compiling cfg-if v1.0.4
   Compiling aw-kernel-core v0.1.0 (C:\aw-kernel\crates\aw-kernel-core)
   Compiling aw-braille v0.1.0 (C:\aw-kernel\crates\aw-braille)
   Compiling aw-acpi v0.1.0 (C:\aw-kernel\crates\aw-acpi)
   Compiling libm v0.2.16
   Compiling aw-uefi-boot v0.1.0 (C:\aw-kernel\boot\uefi)
   Compiling ptr_meta v0.3.2
   Compiling aw-screen-reader v0.1.0 (C:\aw-kernel\crates\aw-screen-reader)
   Compiling ucs2 v0.3.3
   Compiling uefi-raw v0.16.0
   Compiling uefi v0.40.0
    Finished `release` profile [optimized] target(s) in 11.57s
    Finished `release` profile [optimized] target(s) in 0.02s
   PASS  (13 markers)  log: C:\aw-kernel\target\boot-evidence\net\debug.log
== nvme ==
   Compiling bitflags v2.13.2
   Compiling bit_field v0.10.3
   Compiling uguid v2.2.1
   Compiling cfg-if v1.0.4
   Compiling aw-accessibility v0.1.0 (C:\aw-kernel\crates\aw-accessibility)
   Compiling log v0.4.34
   Compiling aw-kernel-core v0.1.0 (C:\aw-kernel\crates\aw-kernel-core)
   Compiling aw-acpi v0.1.0 (C:\aw-kernel\crates\aw-acpi)
   Compiling aw-braille v0.1.0 (C:\aw-kernel\crates\aw-braille)
   Compiling libm v0.2.16
   Compiling aw-uefi-boot v0.1.0 (C:\aw-kernel\boot\uefi)
   Compiling ptr_meta v0.3.2
   Compiling aw-screen-reader v0.1.0 (C:\aw-kernel\crates\aw-screen-reader)
   Compiling ucs2 v0.3.3
   Compiling uefi-raw v0.16.0
   Compiling uefi v0.40.0
    Finished `release` profile [optimized] target(s) in 9.87s
    Finished `release` profile [optimized] target(s) in 0.02s
   PASS  (8 markers)  log: C:\aw-kernel\target\boot-evidence\nvme\debug.log
== hda ==
   Compiling aw-uefi-boot v0.1.0 (C:\aw-kernel\boot\uefi)
    Finished `release` profile [optimized] target(s) in 3.58s
    Finished `release` profile [optimized] target(s) in 0.02s
   PASS  (16 markers)  log: C:\aw-kernel\target\boot-evidence\hda\debug.log
== ac97 ==
   Compiling aw-uefi-boot v0.1.0 (C:\aw-kernel\boot\uefi)
    Finished `release` profile [optimized] target(s) in 3.45s
    Finished `release` profile [optimized] target(s) in 0.02s
   PASS  (5 markers)  log: C:\aw-kernel\target\boot-evidence\ac97\debug.log
== serial ==
   Compiling aw-uefi-boot v0.1.0 (C:\aw-kernel\boot\uefi)
    Finished `release` profile [optimized] target(s) in 3.34s
    Finished `release` profile [optimized] target(s) in 0.02s
   PASS  (3 markers)  log: C:\aw-kernel\target\boot-evidence\serial\debug.log
== exception-smoke ==
   Compiling aw-uefi-boot v0.1.0 (C:\aw-kernel\boot\uefi)
    Finished `release` profile [optimized] target(s) in 3.34s
   Compiling aw-kernel-x86_64 v0.1.0 (C:\aw-kernel\kernel\x86_64)
    Finished `release` profile [optimized] target(s) in 1.33s
   PASS  (3 markers)  log: C:\aw-kernel\target\boot-evidence\exception-smoke\debug.log
== double-fault-smoke ==
   Compiling aw-uefi-boot v0.1.0 (C:\aw-kernel\boot\uefi)
    Finished `release` profile [optimized] target(s) in 3.38s
   Compiling aw-kernel-x86_64 v0.1.0 (C:\aw-kernel\kernel\x86_64)
    Finished `release` profile [optimized] target(s) in 1.05s
   PASS  (3 markers)  log: C:\aw-kernel\target\boot-evidence\double-fault-smoke\debug.log
== ap-double-fault-smoke ==
   Compiling aw-uefi-boot v0.1.0 (C:\aw-kernel\boot\uefi)
    Finished `release` profile [optimized] target(s) in 3.33s
   Compiling aw-kernel-x86_64 v0.1.0 (C:\aw-kernel\kernel\x86_64)
    Finished `release` profile [optimized] target(s) in 11.51s
   PASS  (4 markers)  log: C:\aw-kernel\target\boot-evidence\ap-double-fault-smoke\debug.log
== ap-scheduler-smoke ==
   Compiling aw-uefi-boot v0.1.0 (C:\aw-kernel\boot\uefi)
    Finished `release` profile [optimized] target(s) in 3.37s
   Compiling aw-kernel-x86_64 v0.1.0 (C:\aw-kernel\kernel\x86_64)
    Finished `release` profile [optimized] target(s) in 10.45s
   PASS  (5 markers)  log: C:\aw-kernel\target\boot-evidence\ap-scheduler-smoke\debug.log
== ahci ==
   Compiling aw-uefi-boot v0.1.0 (C:\aw-kernel\boot\uefi)
    Finished `release` profile [optimized] target(s) in 3.65s
    Finished `release` profile [optimized] target(s) in 0.02s
   PASS  (5 markers)  log: C:\aw-kernel\target\boot-evidence\ahci\debug.log
== ahci-write ==
   Compiling aw-uefi-boot v0.1.0 (C:\aw-kernel\boot\uefi)
    Finished `release` profile [optimized] target(s) in 3.37s
   Compiling aw-kernel-x86_64 v0.1.0 (C:\aw-kernel\kernel\x86_64)
    Finished `release` profile [optimized] target(s) in 10.58s
   PASS  (4 markers)  log: C:\aw-kernel\target\boot-evidence\ahci-write\debug.log
== gpt ==
   Compiling aw-uefi-boot v0.1.0 (C:\aw-kernel\boot\uefi)
    Finished `release` profile [optimized] target(s) in 3.35s
    Finished `release` profile [optimized] target(s) in 0.02s
   PASS  (5 markers)  log: C:\aw-kernel\target\boot-evidence\gpt\debug.log
== fat-write ==
   Compiling aw-uefi-boot v0.1.0 (C:\aw-kernel\boot\uefi)
    Finished `release` profile [optimized] target(s) in 3.35s
   Compiling aw-kernel-x86_64 v0.1.0 (C:\aw-kernel\kernel\x86_64)
    Finished `release` profile [optimized] target(s) in 10.80s
   PASS  (5 markers)  log: C:\aw-kernel\target\boot-evidence\fat-write\debug.log
== gpt-write ==
   Compiling aw-uefi-boot v0.1.0 (C:\aw-kernel\boot\uefi)
    Finished `release` profile [optimized] target(s) in 3.31s
   Compiling aw-kernel-x86_64 v0.1.0 (C:\aw-kernel\kernel\x86_64)
    Finished `release` profile [optimized] target(s) in 11.21s
   PASS  (8 markers)  log: C:\aw-kernel\target\boot-evidence\gpt-write\debug.log
== mkfs ==
   Compiling aw-uefi-boot v0.1.0 (C:\aw-kernel\boot\uefi)
    Finished `release` profile [optimized] target(s) in 3.83s
   Compiling aw-kernel-x86_64 v0.1.0 (C:\aw-kernel\kernel\x86_64)
    Finished `release` profile [optimized] target(s) in 12.74s
   PASS  (5 markers)  log: C:\aw-kernel\target\boot-evidence\mkfs\debug.log
== disk-build ==
   Compiling aw-uefi-boot v0.1.0 (C:\aw-kernel\boot\uefi)
    Finished `release` profile [optimized] target(s) in 3.32s
   Compiling aw-kernel-x86_64 v0.1.0 (C:\aw-kernel\kernel\x86_64)
    Finished `release` profile [optimized] target(s) in 11.01s
   PASS  (7 markers)  log: C:\aw-kernel\target\boot-evidence\disk-build\debug.log
== nvme-write ==
   Compiling aw-uefi-boot v0.1.0 (C:\aw-kernel\boot\uefi)
    Finished `release` profile [optimized] target(s) in 3.43s
   Compiling aw-kernel-x86_64 v0.1.0 (C:\aw-kernel\kernel\x86_64)
    Finished `release` profile [optimized] target(s) in 11.71s
   PASS  (3 markers)  log: C:\aw-kernel\target\boot-evidence\nvme-write\debug.log
== acpi-poweroff ==
   Compiling aw-uefi-boot v0.1.0 (C:\aw-kernel\boot\uefi)
    Finished `release` profile [optimized] target(s) in 3.73s
   Compiling aw-kernel-x86_64 v0.1.0 (C:\aw-kernel\kernel\x86_64)
    Finished `release` profile [optimized] target(s) in 10.52s
   PASS  (3 markers)  log: C:\aw-kernel\target\boot-evidence\acpi-poweroff\debug.log
== acpi-reset ==
   Compiling aw-uefi-boot v0.1.0 (C:\aw-kernel\boot\uefi)
    Finished `release` profile [optimized] target(s) in 3.43s
   Compiling aw-kernel-x86_64 v0.1.0 (C:\aw-kernel\kernel\x86_64)
    Finished `release` profile [optimized] target(s) in 10.56s
   PASS  (4 markers)  log: C:\aw-kernel\target\boot-evidence\acpi-reset\debug.log

ALL BOOT PROOFS PASS (QEMU/OVMF q35, tcg, -cpu max).
Physical hardware and GPT disk-image boot remain separate validations.
exit: 0
